.
./jboss-4.2.3.GA
./jboss-4.2.3.GA/server
./jboss-4.2.3.GA/server/coord
./jboss-4.2.3.GA/server/coord/lib
./jboss-4.2.3.GA/server/coord/coordConfig
./jboss-4.2.3.GA/server/coord/coordConfig/documents
./jboss-4.2.3.GA/server/coord/coordConfig/loader
./jboss-4.2.3.GA/server/coord/coordConfig/database
./jboss-4.2.3.GA/server/coord/coordConfig/database/ism_tools
./jboss-4.2.3.GA/server/coord/coordConfig/database/oracle-libs
./jboss-4.2.3.GA/server/coord/coordConfig/database/ism_setup
./jboss-4.2.3.GA/server/coord/coordConfig/database/ism_setup/heapdef-examples
./jboss-4.2.3.GA/server/coord/coordConfig/database/ism_setup/full_install
./jboss-4.2.3.GA/server/coord/conf
./jboss-4.2.3.GA/server/coord/conf/xmdesc
./jboss-4.2.3.GA/server/coord/conf/props
./jboss-4.2.3.GA/server/coord/deploy
./jboss-4.2.3.GA/server/coord/deploy/jmx-console.war
./jboss-4.2.3.GA/server/coord/deploy/jmx-console.war/META-INF
./jboss-4.2.3.GA/server/coord/deploy/jmx-console.war/images
./jboss-4.2.3.GA/server/coord/deploy/jmx-console.war/WEB-INF
./jboss-4.2.3.GA/server/coord/deploy/jmx-console.war/WEB-INF/classes
./jboss-4.2.3.GA/server/coord/deploy/jmx-console.war/WEB-INF/classes/org
./jboss-4.2.3.GA/server/coord/deploy/jmx-console.war/WEB-INF/classes/org/jboss
./jboss-4.2.3.GA/server/coord/deploy/jmx-console.war/WEB-INF/classes/org/jboss/jmx
./jboss-4.2.3.GA/server/coord/deploy/jmx-console.war/WEB-INF/classes/org/jboss/jmx/adaptor
./jboss-4.2.3.GA/server/coord/deploy/jmx-console.war/WEB-INF/classes/org/jboss/jmx/adaptor/control
./jboss-4.2.3.GA/server/coord/deploy/jmx-console.war/WEB-INF/classes/org/jboss/jmx/adaptor/model
./jboss-4.2.3.GA/server/coord/deploy/jmx-console.war/WEB-INF/classes/org/jboss/jmx/adaptor/html
./jboss-4.2.3.GA/server/coord/deploy/jmx-console.war/cluster
./jboss-4.2.3.GA/server/coord/deploy/jboss-bean.deployer
./jboss-4.2.3.GA/server/coord/deploy/jboss-bean.deployer/META-INF
./jboss-4.2.3.GA/server/coord/deploy/juddi-service.sar
./jboss-4.2.3.GA/server/coord/deploy/juddi-service.sar/META-INF
./jboss-4.2.3.GA/server/coord/deploy/juddi-service.sar/META-INF/ddl
./jboss-4.2.3.GA/server/coord/deploy/juddi-service.sar/juddi.war
./jboss-4.2.3.GA/server/coord/deploy/juddi-service.sar/juddi.war/WEB-INF
./jboss-4.2.3.GA/server/coord/deploy/juddi-service.sar/juddi.war/WEB-INF/classes
./jboss-4.2.3.GA/server/coord/deploy/juddi-service.sar/juddi.war/WEB-INF/classes/org
./jboss-4.2.3.GA/server/coord/deploy/juddi-service.sar/juddi.war/WEB-INF/classes/org/jboss
./jboss-4.2.3.GA/server/coord/deploy/juddi-service.sar/juddi.war/WEB-INF/classes/org/jboss/jaxr
./jboss-4.2.3.GA/server/coord/deploy/juddi-service.sar/juddi.war/WEB-INF/classes/org/jboss/jaxr/juddi
./jboss-4.2.3.GA/server/coord/deploy/http-invoker.sar
./jboss-4.2.3.GA/server/coord/deploy/http-invoker.sar/META-INF
./jboss-4.2.3.GA/server/coord/deploy/http-invoker.sar/invoker.war
./jboss-4.2.3.GA/server/coord/deploy/http-invoker.sar/invoker.war/WEB-INF
./jboss-4.2.3.GA/server/coord/deploy/http-invoker.sar/invoker.war/WEB-INF/classes
./jboss-4.2.3.GA/server/coord/deploy/http-invoker.sar/invoker.war/WEB-INF/classes/org
./jboss-4.2.3.GA/server/coord/deploy/http-invoker.sar/invoker.war/WEB-INF/classes/org/jboss
./jboss-4.2.3.GA/server/coord/deploy/http-invoker.sar/invoker.war/WEB-INF/classes/org/jboss/invocation
./jboss-4.2.3.GA/server/coord/deploy/http-invoker.sar/invoker.war/WEB-INF/classes/org/jboss/invocation/http
./jboss-4.2.3.GA/server/coord/deploy/http-invoker.sar/invoker.war/WEB-INF/classes/org/jboss/invocation/http/servlet
./jboss-4.2.3.GA/server/coord/deploy/jboss-web.deployer
./jboss-4.2.3.GA/server/coord/deploy/jboss-web.deployer/META-INF
./jboss-4.2.3.GA/server/coord/deploy/jboss-web.deployer/jsf-libs
./jboss-4.2.3.GA/server/coord/deploy/jboss-web.deployer/conf
./jboss-4.2.3.GA/server/coord/deploy/jboss-web.deployer/ROOT.war
./jboss-4.2.3.GA/server/coord/deploy/jboss-web.deployer/ROOT.war/manager
./jboss-4.2.3.GA/server/coord/deploy/jboss-web.deployer/ROOT.war/WEB-INF
./jboss-4.2.3.GA/server/coord/deploy/jbossws.sar
./jboss-4.2.3.GA/server/coord/deploy/jbossws.sar/META-INF
./jboss-4.2.3.GA/server/coord/deploy/jbossws.sar/jbossws-management.war
./jboss-4.2.3.GA/server/coord/deploy/jbossws.sar/jbossws-management.war/META-INF
./jboss-4.2.3.GA/server/coord/deploy/jbossws.sar/jbossws-management.war/META-INF/maven
./jboss-4.2.3.GA/server/coord/deploy/jbossws.sar/jbossws-management.war/META-INF/maven/org.jboss.ws.native
./jboss-4.2.3.GA/server/coord/deploy/jbossws.sar/jbossws-management.war/META-INF/maven/org.jboss.ws.native/jbossws-native-management
./jboss-4.2.3.GA/server/coord/deploy/jbossws.sar/jbossws-management.war/WEB-INF
./jboss-4.2.3.GA/server/coord/deploy/jbossws.sar/jbossws-management.war/WEB-INF/classes
./jboss-4.2.3.GA/server/coord/deploy/jbossws.sar/jbossws.beans
./jboss-4.2.3.GA/server/coord/deploy/jbossws.sar/jbossws.beans/META-INF
./jboss-4.2.3.GA/server/coord/deploy/management
./jboss-4.2.3.GA/server/coord/deploy/management/console-mgr.sar
./jboss-4.2.3.GA/server/coord/deploy/management/console-mgr.sar/META-INF
./jboss-4.2.3.GA/server/coord/deploy/management/console-mgr.sar/web-console.war
./jboss-4.2.3.GA/server/coord/deploy/management/console-mgr.sar/web-console.war/META-INF
./jboss-4.2.3.GA/server/coord/deploy/management/console-mgr.sar/web-console.war/images
./jboss-4.2.3.GA/server/coord/deploy/management/console-mgr.sar/web-console.war/css
./jboss-4.2.3.GA/server/coord/deploy/management/console-mgr.sar/web-console.war/WEB-INF
./jboss-4.2.3.GA/server/coord/deploy/management/console-mgr.sar/web-console.war/WEB-INF/classes
./jboss-4.2.3.GA/server/coord/deploy/management/console-mgr.sar/web-console.war/WEB-INF/tlds
./jboss-4.2.3.GA/server/coord/deploy/management/console-mgr.sar/web-console.war/img
./jboss-4.2.3.GA/server/coord/deploy/coordinator.sar
./jboss-4.2.3.GA/server/coord/deploy/coordinator.sar/META-INF
./jboss-4.2.3.GA/server/coord/deploy/jboss-aop-jdk50.deployer
./jboss-4.2.3.GA/server/coord/deploy/jboss-aop-jdk50.deployer/META-INF
./jboss-4.2.3.GA/server/coord/deploy/ejb3.deployer
./jboss-4.2.3.GA/server/coord/deploy/ejb3.deployer/META-INF
./jboss-4.2.3.GA/server/coord/deploy/jboss-messaging.sar
./jboss-4.2.3.GA/server/coord/deploy/jboss-messaging.sar/META-INF
./jboss-4.2.3.GA/server/coord/deploy/uuid-key-generator.sar
./jboss-4.2.3.GA/server/coord/deploy/uuid-key-generator.sar/META-INF
./jboss-4.2.3.GA/server/coord/deploy/uuid-key-generator.sar/org
./jboss-4.2.3.GA/server/coord/deploy/uuid-key-generator.sar/org/jboss
./jboss-4.2.3.GA/server/coord/deploy/uuid-key-generator.sar/org/jboss/ejb
./jboss-4.2.3.GA/server/coord/deploy/uuid-key-generator.sar/org/jboss/ejb/plugins
./jboss-4.2.3.GA/server/coord/deploy/uuid-key-generator.sar/org/jboss/ejb/plugins/keygenerator
./jboss-4.2.3.GA/server/coord/deploy/uuid-key-generator.sar/org/jboss/ejb/plugins/keygenerator/hilo
./jboss-4.2.3.GA/server/coord/deploy/uuid-key-generator.sar/org/jboss/ejb/plugins/keygenerator/uuid
./jboss-4.2.3.GA/server/coord/log
./jboss-4.2.3.GA/server/default
./jboss-4.2.3.GA/server/default/lib
./jboss-4.2.3.GA/server/default/conf
./jboss-4.2.3.GA/server/default/conf/xmdesc
./jboss-4.2.3.GA/server/default/conf/props
./jboss-4.2.3.GA/server/default/deploy
./jboss-4.2.3.GA/server/default/deploy/jmx-console.war
./jboss-4.2.3.GA/server/default/deploy/jmx-console.war/META-INF
./jboss-4.2.3.GA/server/default/deploy/jmx-console.war/images
./jboss-4.2.3.GA/server/default/deploy/jmx-console.war/WEB-INF
./jboss-4.2.3.GA/server/default/deploy/jmx-console.war/WEB-INF/classes
./jboss-4.2.3.GA/server/default/deploy/jmx-console.war/WEB-INF/classes/org
./jboss-4.2.3.GA/server/default/deploy/jmx-console.war/WEB-INF/classes/org/jboss
./jboss-4.2.3.GA/server/default/deploy/jmx-console.war/WEB-INF/classes/org/jboss/jmx
./jboss-4.2.3.GA/server/default/deploy/jmx-console.war/WEB-INF/classes/org/jboss/jmx/adaptor
./jboss-4.2.3.GA/server/default/deploy/jmx-console.war/WEB-INF/classes/org/jboss/jmx/adaptor/control
./jboss-4.2.3.GA/server/default/deploy/jmx-console.war/WEB-INF/classes/org/jboss/jmx/adaptor/model
./jboss-4.2.3.GA/server/default/deploy/jmx-console.war/WEB-INF/classes/org/jboss/jmx/adaptor/html
./jboss-4.2.3.GA/server/default/deploy/jmx-console.war/cluster
./jboss-4.2.3.GA/server/default/deploy/jboss-bean.deployer
./jboss-4.2.3.GA/server/default/deploy/jboss-bean.deployer/META-INF
./jboss-4.2.3.GA/server/default/deploy/http-invoker.sar
./jboss-4.2.3.GA/server/default/deploy/http-invoker.sar/META-INF
./jboss-4.2.3.GA/server/default/deploy/http-invoker.sar/invoker.war
./jboss-4.2.3.GA/server/default/deploy/http-invoker.sar/invoker.war/WEB-INF
./jboss-4.2.3.GA/server/default/deploy/http-invoker.sar/invoker.war/WEB-INF/classes
./jboss-4.2.3.GA/server/default/deploy/http-invoker.sar/invoker.war/WEB-INF/classes/org
./jboss-4.2.3.GA/server/default/deploy/http-invoker.sar/invoker.war/WEB-INF/classes/org/jboss
./jboss-4.2.3.GA/server/default/deploy/http-invoker.sar/invoker.war/WEB-INF/classes/org/jboss/invocation
./jboss-4.2.3.GA/server/default/deploy/http-invoker.sar/invoker.war/WEB-INF/classes/org/jboss/invocation/http
./jboss-4.2.3.GA/server/default/deploy/http-invoker.sar/invoker.war/WEB-INF/classes/org/jboss/invocation/http/servlet
./jboss-4.2.3.GA/server/default/deploy/jms
./jboss-4.2.3.GA/server/default/deploy/jms/jbossmq-httpil.sar
./jboss-4.2.3.GA/server/default/deploy/jms/jbossmq-httpil.sar/META-INF
./jboss-4.2.3.GA/server/default/deploy/jms/jbossmq-httpil.sar/jbossmq-httpil.war
./jboss-4.2.3.GA/server/default/deploy/jms/jbossmq-httpil.sar/jbossmq-httpil.war/META-INF
./jboss-4.2.3.GA/server/default/deploy/jms/jbossmq-httpil.sar/jbossmq-httpil.war/WEB-INF
./jboss-4.2.3.GA/server/default/deploy/jms/jbossmq-httpil.sar/jbossmq-httpil.war/WEB-INF/classes
./jboss-4.2.3.GA/server/default/deploy/jms/jbossmq-httpil.sar/jbossmq-httpil.war/WEB-INF/classes/org
./jboss-4.2.3.GA/server/default/deploy/jms/jbossmq-httpil.sar/jbossmq-httpil.war/WEB-INF/classes/org/jboss
./jboss-4.2.3.GA/server/default/deploy/jms/jbossmq-httpil.sar/jbossmq-httpil.war/WEB-INF/classes/org/jboss/mq
./jboss-4.2.3.GA/server/default/deploy/jms/jbossmq-httpil.sar/jbossmq-httpil.war/WEB-INF/classes/org/jboss/mq/il
./jboss-4.2.3.GA/server/default/deploy/jms/jbossmq-httpil.sar/jbossmq-httpil.war/WEB-INF/classes/org/jboss/mq/il/http
./jboss-4.2.3.GA/server/default/deploy/jms/jbossmq-httpil.sar/jbossmq-httpil.war/WEB-INF/classes/org/jboss/mq/il/http/servlet
./jboss-4.2.3.GA/server/default/deploy/jboss-web.deployer
./jboss-4.2.3.GA/server/default/deploy/jboss-web.deployer/META-INF
./jboss-4.2.3.GA/server/default/deploy/jboss-web.deployer/jsf-libs
./jboss-4.2.3.GA/server/default/deploy/jboss-web.deployer/conf
./jboss-4.2.3.GA/server/default/deploy/jboss-web.deployer/ROOT.war
./jboss-4.2.3.GA/server/default/deploy/jboss-web.deployer/ROOT.war/manager
./jboss-4.2.3.GA/server/default/deploy/jboss-web.deployer/ROOT.war/WEB-INF
./jboss-4.2.3.GA/server/default/deploy/jbossws.sar
./jboss-4.2.3.GA/server/default/deploy/jbossws.sar/META-INF
./jboss-4.2.3.GA/server/default/deploy/jbossws.sar/jbossws.beans
./jboss-4.2.3.GA/server/default/deploy/jbossws.sar/jbossws.beans/META-INF
./jboss-4.2.3.GA/server/default/deploy/jbossws.sar/jbossws-context.war
./jboss-4.2.3.GA/server/default/deploy/jbossws.sar/jbossws-context.war/META-INF
./jboss-4.2.3.GA/server/default/deploy/jbossws.sar/jbossws-context.war/WEB-INF
./jboss-4.2.3.GA/server/default/deploy/management
./jboss-4.2.3.GA/server/default/deploy/management/console-mgr.sar
./jboss-4.2.3.GA/server/default/deploy/management/console-mgr.sar/META-INF
./jboss-4.2.3.GA/server/default/deploy/management/console-mgr.sar/web-console.war
./jboss-4.2.3.GA/server/default/deploy/management/console-mgr.sar/web-console.war/META-INF
./jboss-4.2.3.GA/server/default/deploy/management/console-mgr.sar/web-console.war/images
./jboss-4.2.3.GA/server/default/deploy/management/console-mgr.sar/web-console.war/css
./jboss-4.2.3.GA/server/default/deploy/management/console-mgr.sar/web-console.war/WEB-INF
./jboss-4.2.3.GA/server/default/deploy/management/console-mgr.sar/web-console.war/WEB-INF/classes
./jboss-4.2.3.GA/server/default/deploy/management/console-mgr.sar/web-console.war/WEB-INF/tlds
./jboss-4.2.3.GA/server/default/deploy/management/console-mgr.sar/web-console.war/img
./jboss-4.2.3.GA/server/default/deploy/jboss-aop-jdk50.deployer
./jboss-4.2.3.GA/server/default/deploy/jboss-aop-jdk50.deployer/META-INF
./jboss-4.2.3.GA/server/default/deploy/ejb3.deployer
./jboss-4.2.3.GA/server/default/deploy/ejb3.deployer/META-INF
./jboss-4.2.3.GA/server/default/deploy/uuid-key-generator.sar
./jboss-4.2.3.GA/server/default/deploy/uuid-key-generator.sar/META-INF
./jboss-4.2.3.GA/server/default/deploy/uuid-key-generator.sar/org
./jboss-4.2.3.GA/server/default/deploy/uuid-key-generator.sar/org/jboss
./jboss-4.2.3.GA/server/default/deploy/uuid-key-generator.sar/org/jboss/ejb
./jboss-4.2.3.GA/server/default/deploy/uuid-key-generator.sar/org/jboss/ejb/plugins
./jboss-4.2.3.GA/server/default/deploy/uuid-key-generator.sar/org/jboss/ejb/plugins/keygenerator
./jboss-4.2.3.GA/server/default/deploy/uuid-key-generator.sar/org/jboss/ejb/plugins/keygenerator/hilo
./jboss-4.2.3.GA/server/default/deploy/uuid-key-generator.sar/org/jboss/ejb/plugins/keygenerator/uuid
./jboss-4.2.3.GA/server/minimal
./jboss-4.2.3.GA/server/minimal/conf
./jboss-4.2.3.GA/server/minimal/conf/xmdesc
./jboss-4.2.3.GA/server/minimal/deploy
./jboss-4.2.3.GA/server/minimal/lib
./jboss-4.2.3.GA/server/jbossws
./jboss-4.2.3.GA/server/jbossws/conf
./jboss-4.2.3.GA/server/jbossws/conf/xmdesc
./jboss-4.2.3.GA/server/jbossws/conf/props
./jboss-4.2.3.GA/server/jbossws/deploy
./jboss-4.2.3.GA/server/jbossws/deploy/jmx-console.war
./jboss-4.2.3.GA/server/jbossws/deploy/jmx-console.war/META-INF
./jboss-4.2.3.GA/server/jbossws/deploy/jmx-console.war/images
./jboss-4.2.3.GA/server/jbossws/deploy/jmx-console.war/WEB-INF
./jboss-4.2.3.GA/server/jbossws/deploy/jmx-console.war/WEB-INF/classes
./jboss-4.2.3.GA/server/jbossws/deploy/jmx-console.war/WEB-INF/classes/org
./jboss-4.2.3.GA/server/jbossws/deploy/jmx-console.war/WEB-INF/classes/org/jboss
./jboss-4.2.3.GA/server/jbossws/deploy/jmx-console.war/WEB-INF/classes/org/jboss/jmx
./jboss-4.2.3.GA/server/jbossws/deploy/jmx-console.war/WEB-INF/classes/org/jboss/jmx/adaptor
./jboss-4.2.3.GA/server/jbossws/deploy/jmx-console.war/WEB-INF/classes/org/jboss/jmx/adaptor/control
./jboss-4.2.3.GA/server/jbossws/deploy/jmx-console.war/WEB-INF/classes/org/jboss/jmx/adaptor/model
./jboss-4.2.3.GA/server/jbossws/deploy/jmx-console.war/WEB-INF/classes/org/jboss/jmx/adaptor/html
./jboss-4.2.3.GA/server/jbossws/deploy/jmx-console.war/cluster
./jboss-4.2.3.GA/server/jbossws/deploy/jboss-bean.deployer
./jboss-4.2.3.GA/server/jbossws/deploy/jboss-bean.deployer/META-INF
./jboss-4.2.3.GA/server/jbossws/deploy/juddi-service.sar
./jboss-4.2.3.GA/server/jbossws/deploy/juddi-service.sar/META-INF
./jboss-4.2.3.GA/server/jbossws/deploy/juddi-service.sar/META-INF/ddl
./jboss-4.2.3.GA/server/jbossws/deploy/juddi-service.sar/juddi.war
./jboss-4.2.3.GA/server/jbossws/deploy/juddi-service.sar/juddi.war/WEB-INF
./jboss-4.2.3.GA/server/jbossws/deploy/juddi-service.sar/juddi.war/WEB-INF/classes
./jboss-4.2.3.GA/server/jbossws/deploy/juddi-service.sar/juddi.war/WEB-INF/classes/org
./jboss-4.2.3.GA/server/jbossws/deploy/juddi-service.sar/juddi.war/WEB-INF/classes/org/jboss
./jboss-4.2.3.GA/server/jbossws/deploy/juddi-service.sar/juddi.war/WEB-INF/classes/org/jboss/jaxr
./jboss-4.2.3.GA/server/jbossws/deploy/juddi-service.sar/juddi.war/WEB-INF/classes/org/jboss/jaxr/juddi
./jboss-4.2.3.GA/server/jbossws/deploy/http-invoker.sar
./jboss-4.2.3.GA/server/jbossws/deploy/http-invoker.sar/META-INF
./jboss-4.2.3.GA/server/jbossws/deploy/http-invoker.sar/invoker.war
./jboss-4.2.3.GA/server/jbossws/deploy/http-invoker.sar/invoker.war/WEB-INF
./jboss-4.2.3.GA/server/jbossws/deploy/http-invoker.sar/invoker.war/WEB-INF/classes
./jboss-4.2.3.GA/server/jbossws/deploy/http-invoker.sar/invoker.war/WEB-INF/classes/org
./jboss-4.2.3.GA/server/jbossws/deploy/http-invoker.sar/invoker.war/WEB-INF/classes/org/jboss
./jboss-4.2.3.GA/server/jbossws/deploy/http-invoker.sar/invoker.war/WEB-INF/classes/org/jboss/invocation
./jboss-4.2.3.GA/server/jbossws/deploy/http-invoker.sar/invoker.war/WEB-INF/classes/org/jboss/invocation/http
./jboss-4.2.3.GA/server/jbossws/deploy/http-invoker.sar/invoker.war/WEB-INF/classes/org/jboss/invocation/http/servlet
./jboss-4.2.3.GA/server/jbossws/deploy/jboss-web.deployer
./jboss-4.2.3.GA/server/jbossws/deploy/jboss-web.deployer/META-INF
./jboss-4.2.3.GA/server/jbossws/deploy/jboss-web.deployer/jsf-libs
./jboss-4.2.3.GA/server/jbossws/deploy/jboss-web.deployer/conf
./jboss-4.2.3.GA/server/jbossws/deploy/jboss-web.deployer/ROOT.war
./jboss-4.2.3.GA/server/jbossws/deploy/jboss-web.deployer/ROOT.war/manager
./jboss-4.2.3.GA/server/jbossws/deploy/jboss-web.deployer/ROOT.war/WEB-INF
./jboss-4.2.3.GA/server/jbossws/deploy/jbossws.sar
./jboss-4.2.3.GA/server/jbossws/deploy/jbossws.sar/META-INF
./jboss-4.2.3.GA/server/jbossws/deploy/jbossws.sar/jbossws-management.war
./jboss-4.2.3.GA/server/jbossws/deploy/jbossws.sar/jbossws-management.war/META-INF
./jboss-4.2.3.GA/server/jbossws/deploy/jbossws.sar/jbossws-management.war/META-INF/maven
./jboss-4.2.3.GA/server/jbossws/deploy/jbossws.sar/jbossws-management.war/META-INF/maven/org.jboss.ws.native
./jboss-4.2.3.GA/server/jbossws/deploy/jbossws.sar/jbossws-management.war/META-INF/maven/org.jboss.ws.native/jbossws-native-management
./jboss-4.2.3.GA/server/jbossws/deploy/jbossws.sar/jbossws-management.war/WEB-INF
./jboss-4.2.3.GA/server/jbossws/deploy/jbossws.sar/jbossws-management.war/WEB-INF/classes
./jboss-4.2.3.GA/server/jbossws/deploy/jbossws.sar/jbossws.beans
./jboss-4.2.3.GA/server/jbossws/deploy/jbossws.sar/jbossws.beans/META-INF
./jboss-4.2.3.GA/server/jbossws/deploy/management
./jboss-4.2.3.GA/server/jbossws/deploy/management/console-mgr.sar
./jboss-4.2.3.GA/server/jbossws/deploy/management/console-mgr.sar/META-INF
./jboss-4.2.3.GA/server/jbossws/deploy/management/console-mgr.sar/web-console.war
./jboss-4.2.3.GA/server/jbossws/deploy/management/console-mgr.sar/web-console.war/META-INF
./jboss-4.2.3.GA/server/jbossws/deploy/management/console-mgr.sar/web-console.war/images
./jboss-4.2.3.GA/server/jbossws/deploy/management/console-mgr.sar/web-console.war/css
./jboss-4.2.3.GA/server/jbossws/deploy/management/console-mgr.sar/web-console.war/WEB-INF
./jboss-4.2.3.GA/server/jbossws/deploy/management/console-mgr.sar/web-console.war/WEB-INF/classes
./jboss-4.2.3.GA/server/jbossws/deploy/management/console-mgr.sar/web-console.war/WEB-INF/tlds
./jboss-4.2.3.GA/server/jbossws/deploy/management/console-mgr.sar/web-console.war/img
./jboss-4.2.3.GA/server/jbossws/deploy/jboss-aop-jdk50.deployer
./jboss-4.2.3.GA/server/jbossws/deploy/jboss-aop-jdk50.deployer/META-INF
./jboss-4.2.3.GA/server/jbossws/deploy/ejb3.deployer
./jboss-4.2.3.GA/server/jbossws/deploy/ejb3.deployer/META-INF
./jboss-4.2.3.GA/server/jbossws/deploy/jboss-messaging.sar
./jboss-4.2.3.GA/server/jbossws/deploy/jboss-messaging.sar/META-INF
./jboss-4.2.3.GA/server/jbossws/deploy/uuid-key-generator.sar
./jboss-4.2.3.GA/server/jbossws/deploy/uuid-key-generator.sar/META-INF
./jboss-4.2.3.GA/server/jbossws/deploy/uuid-key-generator.sar/org
./jboss-4.2.3.GA/server/jbossws/deploy/uuid-key-generator.sar/org/jboss
./jboss-4.2.3.GA/server/jbossws/deploy/uuid-key-generator.sar/org/jboss/ejb
./jboss-4.2.3.GA/server/jbossws/deploy/uuid-key-generator.sar/org/jboss/ejb/plugins
./jboss-4.2.3.GA/server/jbossws/deploy/uuid-key-generator.sar/org/jboss/ejb/plugins/keygenerator
./jboss-4.2.3.GA/server/jbossws/deploy/uuid-key-generator.sar/org/jboss/ejb/plugins/keygenerator/hilo
./jboss-4.2.3.GA/server/jbossws/deploy/uuid-key-generator.sar/org/jboss/ejb/plugins/keygenerator/uuid
./jboss-4.2.3.GA/server/jbossws/lib
./jboss-4.2.3.GA/server/all
./jboss-4.2.3.GA/server/all/farm
./jboss-4.2.3.GA/server/all/conf
./jboss-4.2.3.GA/server/all/conf/xmdesc
./jboss-4.2.3.GA/server/all/conf/props
./jboss-4.2.3.GA/server/all/deploy
./jboss-4.2.3.GA/server/all/deploy/httpha-invoker.sar
./jboss-4.2.3.GA/server/all/deploy/httpha-invoker.sar/META-INF
./jboss-4.2.3.GA/server/all/deploy/httpha-invoker.sar/invoker.war
./jboss-4.2.3.GA/server/all/deploy/httpha-invoker.sar/invoker.war/WEB-INF
./jboss-4.2.3.GA/server/all/deploy/httpha-invoker.sar/invoker.war/WEB-INF/classes
./jboss-4.2.3.GA/server/all/deploy/httpha-invoker.sar/invoker.war/WEB-INF/classes/org
./jboss-4.2.3.GA/server/all/deploy/httpha-invoker.sar/invoker.war/WEB-INF/classes/org/jboss
./jboss-4.2.3.GA/server/all/deploy/httpha-invoker.sar/invoker.war/WEB-INF/classes/org/jboss/invocation
./jboss-4.2.3.GA/server/all/deploy/httpha-invoker.sar/invoker.war/WEB-INF/classes/org/jboss/invocation/http
./jboss-4.2.3.GA/server/all/deploy/httpha-invoker.sar/invoker.war/WEB-INF/classes/org/jboss/invocation/http/servlet
./jboss-4.2.3.GA/server/all/deploy/deploy.last
./jboss-4.2.3.GA/server/all/deploy/jmx-console.war
./jboss-4.2.3.GA/server/all/deploy/jmx-console.war/META-INF
./jboss-4.2.3.GA/server/all/deploy/jmx-console.war/images
./jboss-4.2.3.GA/server/all/deploy/jmx-console.war/WEB-INF
./jboss-4.2.3.GA/server/all/deploy/jmx-console.war/WEB-INF/classes
./jboss-4.2.3.GA/server/all/deploy/jmx-console.war/WEB-INF/classes/org
./jboss-4.2.3.GA/server/all/deploy/jmx-console.war/WEB-INF/classes/org/jboss
./jboss-4.2.3.GA/server/all/deploy/jmx-console.war/WEB-INF/classes/org/jboss/jmx
./jboss-4.2.3.GA/server/all/deploy/jmx-console.war/WEB-INF/classes/org/jboss/jmx/adaptor
./jboss-4.2.3.GA/server/all/deploy/jmx-console.war/WEB-INF/classes/org/jboss/jmx/adaptor/control
./jboss-4.2.3.GA/server/all/deploy/jmx-console.war/WEB-INF/classes/org/jboss/jmx/adaptor/model
./jboss-4.2.3.GA/server/all/deploy/jmx-console.war/WEB-INF/classes/org/jboss/jmx/adaptor/html
./jboss-4.2.3.GA/server/all/deploy/jmx-console.war/cluster
./jboss-4.2.3.GA/server/all/deploy/jboss-bean.deployer
./jboss-4.2.3.GA/server/all/deploy/jboss-bean.deployer/META-INF
./jboss-4.2.3.GA/server/all/deploy/juddi-service.sar
./jboss-4.2.3.GA/server/all/deploy/juddi-service.sar/META-INF
./jboss-4.2.3.GA/server/all/deploy/juddi-service.sar/META-INF/ddl
./jboss-4.2.3.GA/server/all/deploy/juddi-service.sar/juddi.war
./jboss-4.2.3.GA/server/all/deploy/juddi-service.sar/juddi.war/WEB-INF
./jboss-4.2.3.GA/server/all/deploy/juddi-service.sar/juddi.war/WEB-INF/classes
./jboss-4.2.3.GA/server/all/deploy/juddi-service.sar/juddi.war/WEB-INF/classes/org
./jboss-4.2.3.GA/server/all/deploy/juddi-service.sar/juddi.war/WEB-INF/classes/org/jboss
./jboss-4.2.3.GA/server/all/deploy/juddi-service.sar/juddi.war/WEB-INF/classes/org/jboss/jaxr
./jboss-4.2.3.GA/server/all/deploy/juddi-service.sar/juddi.war/WEB-INF/classes/org/jboss/jaxr/juddi
./jboss-4.2.3.GA/server/all/deploy/jms
./jboss-4.2.3.GA/server/all/deploy/jboss-web-cluster.sar
./jboss-4.2.3.GA/server/all/deploy/jboss-web-cluster.sar/META-INF
./jboss-4.2.3.GA/server/all/deploy/jboss-web.deployer
./jboss-4.2.3.GA/server/all/deploy/jboss-web.deployer/META-INF
./jboss-4.2.3.GA/server/all/deploy/jboss-web.deployer/jsf-libs
./jboss-4.2.3.GA/server/all/deploy/jboss-web.deployer/conf
./jboss-4.2.3.GA/server/all/deploy/jboss-web.deployer/ROOT.war
./jboss-4.2.3.GA/server/all/deploy/jboss-web.deployer/ROOT.war/manager
./jboss-4.2.3.GA/server/all/deploy/jboss-web.deployer/ROOT.war/WEB-INF
./jboss-4.2.3.GA/server/all/deploy/jbossws.sar
./jboss-4.2.3.GA/server/all/deploy/jbossws.sar/META-INF
./jboss-4.2.3.GA/server/all/deploy/jbossws.sar/jbossws.beans
./jboss-4.2.3.GA/server/all/deploy/jbossws.sar/jbossws.beans/META-INF
./jboss-4.2.3.GA/server/all/deploy/jbossws.sar/jbossws-context.war
./jboss-4.2.3.GA/server/all/deploy/jbossws.sar/jbossws-context.war/META-INF
./jboss-4.2.3.GA/server/all/deploy/jbossws.sar/jbossws-context.war/WEB-INF
./jboss-4.2.3.GA/server/all/deploy/management
./jboss-4.2.3.GA/server/all/deploy/management/console-mgr.sar
./jboss-4.2.3.GA/server/all/deploy/management/console-mgr.sar/META-INF
./jboss-4.2.3.GA/server/all/deploy/management/console-mgr.sar/web-console.war
./jboss-4.2.3.GA/server/all/deploy/management/console-mgr.sar/web-console.war/META-INF
./jboss-4.2.3.GA/server/all/deploy/management/console-mgr.sar/web-console.war/images
./jboss-4.2.3.GA/server/all/deploy/management/console-mgr.sar/web-console.war/css
./jboss-4.2.3.GA/server/all/deploy/management/console-mgr.sar/web-console.war/WEB-INF
./jboss-4.2.3.GA/server/all/deploy/management/console-mgr.sar/web-console.war/WEB-INF/classes
./jboss-4.2.3.GA/server/all/deploy/management/console-mgr.sar/web-console.war/WEB-INF/tlds
./jboss-4.2.3.GA/server/all/deploy/management/console-mgr.sar/web-console.war/img
./jboss-4.2.3.GA/server/all/deploy/jboss-aop-jdk50.deployer
./jboss-4.2.3.GA/server/all/deploy/jboss-aop-jdk50.deployer/META-INF
./jboss-4.2.3.GA/server/all/deploy/snmp-adaptor.sar
./jboss-4.2.3.GA/server/all/deploy/snmp-adaptor.sar/META-INF
./jboss-4.2.3.GA/server/all/deploy/ejb3.deployer
./jboss-4.2.3.GA/server/all/deploy/ejb3.deployer/META-INF
./jboss-4.2.3.GA/server/all/deploy/uuid-key-generator.sar
./jboss-4.2.3.GA/server/all/deploy/uuid-key-generator.sar/META-INF
./jboss-4.2.3.GA/server/all/deploy/uuid-key-generator.sar/org
./jboss-4.2.3.GA/server/all/deploy/uuid-key-generator.sar/org/jboss
./jboss-4.2.3.GA/server/all/deploy/uuid-key-generator.sar/org/jboss/ejb
./jboss-4.2.3.GA/server/all/deploy/uuid-key-generator.sar/org/jboss/ejb/plugins
./jboss-4.2.3.GA/server/all/deploy/uuid-key-generator.sar/org/jboss/ejb/plugins/keygenerator
./jboss-4.2.3.GA/server/all/deploy/uuid-key-generator.sar/org/jboss/ejb/plugins/keygenerator/hilo
./jboss-4.2.3.GA/server/all/deploy/uuid-key-generator.sar/org/jboss/ejb/plugins/keygenerator/uuid
./jboss-4.2.3.GA/server/all/deploy-hasingleton
./jboss-4.2.3.GA/server/all/deploy-hasingleton/jms
./jboss-4.2.3.GA/server/all/deploy-hasingleton/jms/jbossmq-httpil.sar
./jboss-4.2.3.GA/server/all/deploy-hasingleton/jms/jbossmq-httpil.sar/META-INF
./jboss-4.2.3.GA/server/all/deploy-hasingleton/jms/jbossmq-httpil.sar/jbossmq-httpil.war
./jboss-4.2.3.GA/server/all/deploy-hasingleton/jms/jbossmq-httpil.sar/jbossmq-httpil.war/META-INF
./jboss-4.2.3.GA/server/all/deploy-hasingleton/jms/jbossmq-httpil.sar/jbossmq-httpil.war/WEB-INF
./jboss-4.2.3.GA/server/all/deploy-hasingleton/jms/jbossmq-httpil.sar/jbossmq-httpil.war/WEB-INF/classes
./jboss-4.2.3.GA/server/all/deploy-hasingleton/jms/jbossmq-httpil.sar/jbossmq-httpil.war/WEB-INF/classes/org
./jboss-4.2.3.GA/server/all/deploy-hasingleton/jms/jbossmq-httpil.sar/jbossmq-httpil.war/WEB-INF/classes/org/jboss
./jboss-4.2.3.GA/server/all/deploy-hasingleton/jms/jbossmq-httpil.sar/jbossmq-httpil.war/WEB-INF/classes/org/jboss/mq
./jboss-4.2.3.GA/server/all/deploy-hasingleton/jms/jbossmq-httpil.sar/jbossmq-httpil.war/WEB-INF/classes/org/jboss/mq/il
./jboss-4.2.3.GA/server/all/deploy-hasingleton/jms/jbossmq-httpil.sar/jbossmq-httpil.war/WEB-INF/classes/org/jboss/mq/il/http
./jboss-4.2.3.GA/server/all/deploy-hasingleton/jms/jbossmq-httpil.sar/jbossmq-httpil.war/WEB-INF/classes/org/jboss/mq/il/http/servlet
./jboss-4.2.3.GA/server/all/lib
./jboss-4.2.3.GA/server/messaging
./jboss-4.2.3.GA/server/messaging/conf
./jboss-4.2.3.GA/server/messaging/conf/xmdesc
./jboss-4.2.3.GA/server/messaging/conf/props
./jboss-4.2.3.GA/server/messaging/deploy
./jboss-4.2.3.GA/server/messaging/deploy/jmx-console.war
./jboss-4.2.3.GA/server/messaging/deploy/jmx-console.war/META-INF
./jboss-4.2.3.GA/server/messaging/deploy/jmx-console.war/images
./jboss-4.2.3.GA/server/messaging/deploy/jmx-console.war/WEB-INF
./jboss-4.2.3.GA/server/messaging/deploy/jmx-console.war/WEB-INF/classes
./jboss-4.2.3.GA/server/messaging/deploy/jmx-console.war/WEB-INF/classes/org
./jboss-4.2.3.GA/server/messaging/deploy/jmx-console.war/WEB-INF/classes/org/jboss
./jboss-4.2.3.GA/server/messaging/deploy/jmx-console.war/WEB-INF/classes/org/jboss/jmx
./jboss-4.2.3.GA/server/messaging/deploy/jmx-console.war/WEB-INF/classes/org/jboss/jmx/adaptor
./jboss-4.2.3.GA/server/messaging/deploy/jmx-console.war/WEB-INF/classes/org/jboss/jmx/adaptor/control
./jboss-4.2.3.GA/server/messaging/deploy/jmx-console.war/WEB-INF/classes/org/jboss/jmx/adaptor/model
./jboss-4.2.3.GA/server/messaging/deploy/jmx-console.war/WEB-INF/classes/org/jboss/jmx/adaptor/html
./jboss-4.2.3.GA/server/messaging/deploy/jmx-console.war/cluster
./jboss-4.2.3.GA/server/messaging/deploy/jboss-bean.deployer
./jboss-4.2.3.GA/server/messaging/deploy/jboss-bean.deployer/META-INF
./jboss-4.2.3.GA/server/messaging/deploy/http-invoker.sar
./jboss-4.2.3.GA/server/messaging/deploy/http-invoker.sar/META-INF
./jboss-4.2.3.GA/server/messaging/deploy/http-invoker.sar/invoker.war
./jboss-4.2.3.GA/server/messaging/deploy/http-invoker.sar/invoker.war/WEB-INF
./jboss-4.2.3.GA/server/messaging/deploy/http-invoker.sar/invoker.war/WEB-INF/classes
./jboss-4.2.3.GA/server/messaging/deploy/http-invoker.sar/invoker.war/WEB-INF/classes/org
./jboss-4.2.3.GA/server/messaging/deploy/http-invoker.sar/invoker.war/WEB-INF/classes/org/jboss
./jboss-4.2.3.GA/server/messaging/deploy/http-invoker.sar/invoker.war/WEB-INF/classes/org/jboss/invocation
./jboss-4.2.3.GA/server/messaging/deploy/http-invoker.sar/invoker.war/WEB-INF/classes/org/jboss/invocation/http
./jboss-4.2.3.GA/server/messaging/deploy/http-invoker.sar/invoker.war/WEB-INF/classes/org/jboss/invocation/http/servlet
./jboss-4.2.3.GA/server/messaging/deploy/jboss-web.deployer
./jboss-4.2.3.GA/server/messaging/deploy/jboss-web.deployer/META-INF
./jboss-4.2.3.GA/server/messaging/deploy/jboss-web.deployer/jsf-libs
./jboss-4.2.3.GA/server/messaging/deploy/jboss-web.deployer/conf
./jboss-4.2.3.GA/server/messaging/deploy/jboss-web.deployer/ROOT.war
./jboss-4.2.3.GA/server/messaging/deploy/jboss-web.deployer/ROOT.war/manager
./jboss-4.2.3.GA/server/messaging/deploy/jboss-web.deployer/ROOT.war/WEB-INF
./jboss-4.2.3.GA/server/messaging/deploy/jbossws.sar
./jboss-4.2.3.GA/server/messaging/deploy/jbossws.sar/META-INF
./jboss-4.2.3.GA/server/messaging/deploy/jbossws.sar/jbossws.beans
./jboss-4.2.3.GA/server/messaging/deploy/jbossws.sar/jbossws.beans/META-INF
./jboss-4.2.3.GA/server/messaging/deploy/jbossws.sar/jbossws-context.war
./jboss-4.2.3.GA/server/messaging/deploy/jbossws.sar/jbossws-context.war/META-INF
./jboss-4.2.3.GA/server/messaging/deploy/jbossws.sar/jbossws-context.war/WEB-INF
./jboss-4.2.3.GA/server/messaging/deploy/management
./jboss-4.2.3.GA/server/messaging/deploy/management/console-mgr.sar
./jboss-4.2.3.GA/server/messaging/deploy/management/console-mgr.sar/META-INF
./jboss-4.2.3.GA/server/messaging/deploy/management/console-mgr.sar/web-console.war
./jboss-4.2.3.GA/server/messaging/deploy/management/console-mgr.sar/web-console.war/META-INF
./jboss-4.2.3.GA/server/messaging/deploy/management/console-mgr.sar/web-console.war/images
./jboss-4.2.3.GA/server/messaging/deploy/management/console-mgr.sar/web-console.war/css
./jboss-4.2.3.GA/server/messaging/deploy/management/console-mgr.sar/web-console.war/WEB-INF
./jboss-4.2.3.GA/server/messaging/deploy/management/console-mgr.sar/web-console.war/WEB-INF/classes
./jboss-4.2.3.GA/server/messaging/deploy/management/console-mgr.sar/web-console.war/WEB-INF/tlds
./jboss-4.2.3.GA/server/messaging/deploy/management/console-mgr.sar/web-console.war/img
./jboss-4.2.3.GA/server/messaging/deploy/jboss-aop-jdk50.deployer
./jboss-4.2.3.GA/server/messaging/deploy/jboss-aop-jdk50.deployer/META-INF
./jboss-4.2.3.GA/server/messaging/deploy/ejb3.deployer
./jboss-4.2.3.GA/server/messaging/deploy/ejb3.deployer/META-INF
./jboss-4.2.3.GA/server/messaging/deploy/jboss-messaging.sar
./jboss-4.2.3.GA/server/messaging/deploy/jboss-messaging.sar/META-INF
./jboss-4.2.3.GA/server/messaging/deploy/uuid-key-generator.sar
./jboss-4.2.3.GA/server/messaging/deploy/uuid-key-generator.sar/META-INF
./jboss-4.2.3.GA/server/messaging/deploy/uuid-key-generator.sar/org
./jboss-4.2.3.GA/server/messaging/deploy/uuid-key-generator.sar/org/jboss
./jboss-4.2.3.GA/server/messaging/deploy/uuid-key-generator.sar/org/jboss/ejb
./jboss-4.2.3.GA/server/messaging/deploy/uuid-key-generator.sar/org/jboss/ejb/plugins
./jboss-4.2.3.GA/server/messaging/deploy/uuid-key-generator.sar/org/jboss/ejb/plugins/keygenerator
./jboss-4.2.3.GA/server/messaging/deploy/uuid-key-generator.sar/org/jboss/ejb/plugins/keygenerator/hilo
./jboss-4.2.3.GA/server/messaging/deploy/uuid-key-generator.sar/org/jboss/ejb/plugins/keygenerator/uuid
./jboss-4.2.3.GA/server/messaging/lib
./jboss-4.2.3.GA/docs
./jboss-4.2.3.GA/docs/licenses
./jboss-4.2.3.GA/docs/tests
./jboss-4.2.3.GA/docs/dtd
./jboss-4.2.3.GA/docs/schema
./jboss-4.2.3.GA/docs/examples
./jboss-4.2.3.GA/docs/examples/varia
./jboss-4.2.3.GA/docs/examples/varia/entity-resolver-manager
./jboss-4.2.3.GA/docs/examples/varia/deployment-service
./jboss-4.2.3.GA/docs/examples/varia/deployment-service/schema
./jboss-4.2.3.GA/docs/examples/varia/deployment-service/templates
./jboss-4.2.3.GA/docs/examples/varia/deployment-service/templates/jms-queue
./jboss-4.2.3.GA/docs/examples/varia/deployment-service/templates/jms-queue/vm
./jboss-4.2.3.GA/docs/examples/varia/deployment-service/templates/local-tx-datasource
./jboss-4.2.3.GA/docs/examples/varia/deployment-service/templates/local-tx-datasource/vm
./jboss-4.2.3.GA/docs/examples/varia/deployment-service/templates/xa-datasource
./jboss-4.2.3.GA/docs/examples/varia/deployment-service/templates/xa-datasource/vm
./jboss-4.2.3.GA/docs/examples/varia/deployment-service/templates/no-tx-datasource
./jboss-4.2.3.GA/docs/examples/varia/deployment-service/templates/no-tx-datasource/vm
./jboss-4.2.3.GA/docs/examples/jmx
./jboss-4.2.3.GA/docs/examples/jmx/logging-monitor
./jboss-4.2.3.GA/docs/examples/jmx/logging-monitor/deploy
./jboss-4.2.3.GA/docs/examples/jmx/logging-monitor/lib
./jboss-4.2.3.GA/docs/examples/jmx/persistent-service.sar
./jboss-4.2.3.GA/docs/examples/jmx/persistent-service.sar/META-INF
./jboss-4.2.3.GA/docs/examples/jmx/persistent-service.sar/org
./jboss-4.2.3.GA/docs/examples/jmx/persistent-service.sar/org/jboss
./jboss-4.2.3.GA/docs/examples/jmx/persistent-service.sar/org/jboss/jmx
./jboss-4.2.3.GA/docs/examples/jmx/persistent-service.sar/org/jboss/jmx/examples
./jboss-4.2.3.GA/docs/examples/jmx/persistent-service.sar/org/jboss/jmx/examples/persistence
./jboss-4.2.3.GA/docs/examples/jms
./jboss-4.2.3.GA/docs/examples/jms/conf
./jboss-4.2.3.GA/docs/examples/jms/standalone
./jboss-4.2.3.GA/docs/examples/netboot
./jboss-4.2.3.GA/docs/examples/jca
./jboss-4.2.3.GA/docs/examples/binding-manager
./jboss-4.2.3.GA/client
./jboss-4.2.3.GA/bin
./jboss-4.2.3.GA/lib
./jboss-4.2.3.GA/lib/endorsed
./swiftmq_8_1_2_jmsplus
./swiftmq_8_1_2_jmsplus/docs
./swiftmq_8_1_2_jmsplus/docs/jmsplus
./swiftmq_8_1_2_jmsplus/docs/jmsplus/jmsbridge
./swiftmq_8_1_2_jmsplus/docs/jmsplus/jmsbridge/features
./swiftmq_8_1_2_jmsplus/docs/jmsplus/jmsbridge/images
./swiftmq_8_1_2_jmsplus/docs/jmsplus/jmsbridge/css
./swiftmq_8_1_2_jmsplus/docs/jmsplus/jmsbridge/jobs
./swiftmq_8_1_2_jmsplus/docs/jmsplus/jmsbridge/jobs/images
./swiftmq_8_1_2_jmsplus/docs/jmsplus/jmsbridge/config
./swiftmq_8_1_2_jmsplus/docs/jmsplus/jmsbridge/usage
./swiftmq_8_1_2_jmsplus/docs/jmsplus/jmsbridge/usage/javadoc
./swiftmq_8_1_2_jmsplus/docs/jmsplus/jmsbridge/usage/javadoc/com
./swiftmq_8_1_2_jmsplus/docs/jmsplus/jmsbridge/usage/javadoc/com/swiftmq
./swiftmq_8_1_2_jmsplus/docs/jmsplus/jmsbridge/usage/javadoc/com/swiftmq/extension
./swiftmq_8_1_2_jmsplus/docs/jmsplus/jmsbridge/usage/javadoc/com/swiftmq/extension/bridge
./swiftmq_8_1_2_jmsplus/docs/jmsplus/jmsbridge/example
./swiftmq_8_1_2_jmsplus/docs/jmsplus/jmsbridge/example/images
./swiftmq_8_1_2_jmsplus/docs/jmsplus/jmsbridge/introduction
./swiftmq_8_1_2_jmsplus/docs/jmsplus/jmsbridge/introduction/images
./swiftmq_8_1_2_jmsplus/docs/jmsplus/jmsbridge/example2
./swiftmq_8_1_2_jmsplus/docs/jmsplus/jmsbridge/example2/images
./swiftmq_8_1_2_jmsplus/docs/jmsplus/jmsxaasf
./swiftmq_8_1_2_jmsplus/docs/jmsplus/jmsxaasf/features
./swiftmq_8_1_2_jmsplus/docs/jmsplus/jmsxaasf/images
./swiftmq_8_1_2_jmsplus/docs/jmsplus/jmsxaasf/css
./swiftmq_8_1_2_jmsplus/docs/jmsplus/jmsxaasf/config
./swiftmq_8_1_2_jmsplus/docs/jmsplus/jmsxaasf/threadpools
./swiftmq_8_1_2_jmsplus/docs/jmsplus/jmsxaasf/introduction
./swiftmq_8_1_2_jmsplus/docs/router
./swiftmq_8_1_2_jmsplus/docs/router/images
./swiftmq_8_1_2_jmsplus/docs/router/upgrade
./swiftmq_8_1_2_jmsplus/docs/router/css
./swiftmq_8_1_2_jmsplus/docs/router/swiftlets
./swiftmq_8_1_2_jmsplus/docs/router/swiftlets/sys_queuemanager
./swiftmq_8_1_2_jmsplus/docs/router/swiftlets/sys_queuemanager/features
./swiftmq_8_1_2_jmsplus/docs/router/swiftlets/sys_queuemanager/controller
./swiftmq_8_1_2_jmsplus/docs/router/swiftlets/sys_queuemanager/controller/images
./swiftmq_8_1_2_jmsplus/docs/router/swiftlets/sys_queuemanager/jobs
./swiftmq_8_1_2_jmsplus/docs/router/swiftlets/sys_queuemanager/jobs/images
./swiftmq_8_1_2_jmsplus/docs/router/swiftlets/sys_queuemanager/config
./swiftmq_8_1_2_jmsplus/docs/router/swiftlets/sys_queuemanager/clusteredqueues
./swiftmq_8_1_2_jmsplus/docs/router/swiftlets/sys_queuemanager/clusteredqueues/distribution
./swiftmq_8_1_2_jmsplus/docs/router/swiftlets/sys_queuemanager/clusteredqueues/messagegroups
./swiftmq_8_1_2_jmsplus/docs/router/swiftlets/sys_queuemanager/clusteredqueues/messagegroups/images
./swiftmq_8_1_2_jmsplus/docs/router/swiftlets/sys_queuemanager/clusteredqueues/jms
./swiftmq_8_1_2_jmsplus/docs/router/swiftlets/sys_queuemanager/clusteredqueues/configuration
./swiftmq_8_1_2_jmsplus/docs/router/swiftlets/sys_queuemanager/clusteredqueues/configuration/images
./swiftmq_8_1_2_jmsplus/docs/router/swiftlets/sys_queuemanager/clusteredqueues/introduction
./swiftmq_8_1_2_jmsplus/docs/router/swiftlets/sys_queuemanager/clusteredqueues/introduction/images
./swiftmq_8_1_2_jmsplus/docs/router/swiftlets/sys_queuemanager/clusteredqueues/advanced
./swiftmq_8_1_2_jmsplus/docs/router/swiftlets/sys_queuemanager/clusteredqueues/advanced/images
./swiftmq_8_1_2_jmsplus/docs/router/swiftlets/sys_queuemanager/types
./swiftmq_8_1_2_jmsplus/docs/router/swiftlets/sys_queuemanager/expiration
./swiftmq_8_1_2_jmsplus/docs/router/swiftlets/sys_queuemanager/introduction
./swiftmq_8_1_2_jmsplus/docs/router/swiftlets/sys_queuemanager/compositequeues
./swiftmq_8_1_2_jmsplus/docs/router/swiftlets/sys_authentication
./swiftmq_8_1_2_jmsplus/docs/router/swiftlets/sys_authentication/features
./swiftmq_8_1_2_jmsplus/docs/router/swiftlets/sys_authentication/config
./swiftmq_8_1_2_jmsplus/docs/router/swiftlets/sys_authentication/introduction
./swiftmq_8_1_2_jmsplus/docs/router/swiftlets/sys_jms
./swiftmq_8_1_2_jmsplus/docs/router/swiftlets/sys_jms/features
./swiftmq_8_1_2_jmsplus/docs/router/swiftlets/sys_jms/config
./swiftmq_8_1_2_jmsplus/docs/router/swiftlets/sys_jms/threadpools
./swiftmq_8_1_2_jmsplus/docs/router/swiftlets/sys_jms/clients
./swiftmq_8_1_2_jmsplus/docs/router/swiftlets/sys_jms/clients/advexhandling
./swiftmq_8_1_2_jmsplus/docs/router/swiftlets/sys_jms/clients/remote
./swiftmq_8_1_2_jmsplus/docs/router/swiftlets/sys_jms/clients/remote/misc
./swiftmq_8_1_2_jmsplus/docs/router/swiftlets/sys_jms/clients/remote/reconnect
./swiftmq_8_1_2_jmsplus/docs/router/swiftlets/sys_jms/clients/remote/reconnect/images
./swiftmq_8_1_2_jmsplus/docs/router/swiftlets/sys_jms/clients/remote/cf
./swiftmq_8_1_2_jmsplus/docs/router/swiftlets/sys_jms/clients/spring
./swiftmq_8_1_2_jmsplus/docs/router/swiftlets/sys_jms/clients/spring/clihelper
./swiftmq_8_1_2_jmsplus/docs/router/swiftlets/sys_jms/clients/spring/pooling
./swiftmq_8_1_2_jmsplus/docs/router/swiftlets/sys_jms/clients/spring/launcher
./swiftmq_8_1_2_jmsplus/docs/router/swiftlets/sys_jms/clients/spring/use
./swiftmq_8_1_2_jmsplus/docs/router/swiftlets/sys_jms/clients/intravm
./swiftmq_8_1_2_jmsplus/docs/router/swiftlets/sys_jms/implnotes
./swiftmq_8_1_2_jmsplus/docs/router/swiftlets/sys_jms/implnotes/images
./swiftmq_8_1_2_jmsplus/docs/router/swiftlets/sys_xa
./swiftmq_8_1_2_jmsplus/docs/router/swiftlets/sys_xa/features
./swiftmq_8_1_2_jmsplus/docs/router/swiftlets/sys_xa/images
./swiftmq_8_1_2_jmsplus/docs/router/swiftlets/sys_xa/config
./swiftmq_8_1_2_jmsplus/docs/router/swiftlets/sys_xa/introduction
./swiftmq_8_1_2_jmsplus/docs/router/swiftlets/sys_xa/introduction/images
./swiftmq_8_1_2_jmsplus/docs/router/swiftlets/sys_monitor
./swiftmq_8_1_2_jmsplus/docs/router/swiftlets/sys_monitor/features
./swiftmq_8_1_2_jmsplus/docs/router/swiftlets/sys_monitor/config
./swiftmq_8_1_2_jmsplus/docs/router/swiftlets/sys_monitor/introduction
./swiftmq_8_1_2_jmsplus/docs/router/swiftlets/sys_monitor/introduction/images
./swiftmq_8_1_2_jmsplus/docs/router/swiftlets/sys_jndi
./swiftmq_8_1_2_jmsplus/docs/router/swiftlets/sys_jndi/features
./swiftmq_8_1_2_jmsplus/docs/router/swiftlets/sys_jndi/config
./swiftmq_8_1_2_jmsplus/docs/router/swiftlets/sys_jndi/introduction
./swiftmq_8_1_2_jmsplus/docs/router/swiftlets/sys_accounting
./swiftmq_8_1_2_jmsplus/docs/router/swiftlets/sys_accounting/features
./swiftmq_8_1_2_jmsplus/docs/router/swiftlets/sys_accounting/sinkregistry
./swiftmq_8_1_2_jmsplus/docs/router/swiftlets/sys_accounting/sinkregistry/file
./swiftmq_8_1_2_jmsplus/docs/router/swiftlets/sys_accounting/sinkregistry/queue
./swiftmq_8_1_2_jmsplus/docs/router/swiftlets/sys_accounting/sinkregistry/jdbc
./swiftmq_8_1_2_jmsplus/docs/router/swiftlets/sys_accounting/connections
./swiftmq_8_1_2_jmsplus/docs/router/swiftlets/sys_accounting/connections/images
./swiftmq_8_1_2_jmsplus/docs/router/swiftlets/sys_accounting/jobs
./swiftmq_8_1_2_jmsplus/docs/router/swiftlets/sys_accounting/jobs/images
./swiftmq_8_1_2_jmsplus/docs/router/swiftlets/sys_accounting/config
./swiftmq_8_1_2_jmsplus/docs/router/swiftlets/sys_accounting/sourceregistry
./swiftmq_8_1_2_jmsplus/docs/router/swiftlets/sys_accounting/sourceregistry/jmsbridge
./swiftmq_8_1_2_jmsplus/docs/router/swiftlets/sys_accounting/sourceregistry/accounting
./swiftmq_8_1_2_jmsplus/docs/router/swiftlets/sys_accounting/sourceregistry/queuemanager
./swiftmq_8_1_2_jmsplus/docs/router/swiftlets/sys_accounting/sourceregistry/jms
./swiftmq_8_1_2_jmsplus/docs/router/swiftlets/sys_accounting/sourceregistry/javamailbridge
./swiftmq_8_1_2_jmsplus/docs/router/swiftlets/sys_accounting/sourceregistry/routing
./swiftmq_8_1_2_jmsplus/docs/router/swiftlets/sys_accounting/introduction
./swiftmq_8_1_2_jmsplus/docs/router/swiftlets/sys_accounting/introduction/images
./swiftmq_8_1_2_jmsplus/docs/router/swiftlets/sys_trace
./swiftmq_8_1_2_jmsplus/docs/router/swiftlets/sys_trace/features
./swiftmq_8_1_2_jmsplus/docs/router/swiftlets/sys_trace/config
./swiftmq_8_1_2_jmsplus/docs/router/swiftlets/sys_trace/introduction
./swiftmq_8_1_2_jmsplus/docs/router/swiftlets/sys_scheduler
./swiftmq_8_1_2_jmsplus/docs/router/swiftlets/sys_scheduler/features
./swiftmq_8_1_2_jmsplus/docs/router/swiftlets/sys_scheduler/monitoring
./swiftmq_8_1_2_jmsplus/docs/router/swiftlets/sys_scheduler/monitoring/images
./swiftmq_8_1_2_jmsplus/docs/router/swiftlets/sys_scheduler/messagejobs
./swiftmq_8_1_2_jmsplus/docs/router/swiftlets/sys_scheduler/messagejobs/images
./swiftmq_8_1_2_jmsplus/docs/router/swiftlets/sys_scheduler/config
./swiftmq_8_1_2_jmsplus/docs/router/swiftlets/sys_scheduler/calendars
./swiftmq_8_1_2_jmsplus/docs/router/swiftlets/sys_scheduler/calendars/images
./swiftmq_8_1_2_jmsplus/docs/router/swiftlets/sys_scheduler/jobgroups
./swiftmq_8_1_2_jmsplus/docs/router/swiftlets/sys_scheduler/jobgroups/images
./swiftmq_8_1_2_jmsplus/docs/router/swiftlets/sys_scheduler/schedules
./swiftmq_8_1_2_jmsplus/docs/router/swiftlets/sys_scheduler/schedules/images
./swiftmq_8_1_2_jmsplus/docs/router/swiftlets/sys_scheduler/registry
./swiftmq_8_1_2_jmsplus/docs/router/swiftlets/sys_scheduler/introduction
./swiftmq_8_1_2_jmsplus/docs/router/swiftlets/sys_scheduler/introduction/images
./swiftmq_8_1_2_jmsplus/docs/router/swiftlets/sys_mgmt
./swiftmq_8_1_2_jmsplus/docs/router/swiftlets/sys_mgmt/features
./swiftmq_8_1_2_jmsplus/docs/router/swiftlets/sys_mgmt/config
./swiftmq_8_1_2_jmsplus/docs/router/swiftlets/sys_mgmt/jmx
./swiftmq_8_1_2_jmsplus/docs/router/swiftlets/sys_mgmt/jmx/images
./swiftmq_8_1_2_jmsplus/docs/router/swiftlets/sys_mgmt/introduction
./swiftmq_8_1_2_jmsplus/docs/router/swiftlets/sys_mgmt/introduction/images
./swiftmq_8_1_2_jmsplus/docs/router/swiftlets/sys_topicmanager
./swiftmq_8_1_2_jmsplus/docs/router/swiftlets/sys_topicmanager/features
./swiftmq_8_1_2_jmsplus/docs/router/swiftlets/sys_topicmanager/hierarchy
./swiftmq_8_1_2_jmsplus/docs/router/swiftlets/sys_topicmanager/hierarchy/images
./swiftmq_8_1_2_jmsplus/docs/router/swiftlets/sys_topicmanager/jobs
./swiftmq_8_1_2_jmsplus/docs/router/swiftlets/sys_topicmanager/jobs/images
./swiftmq_8_1_2_jmsplus/docs/router/swiftlets/sys_topicmanager/flowcontrol
./swiftmq_8_1_2_jmsplus/docs/router/swiftlets/sys_topicmanager/config
./swiftmq_8_1_2_jmsplus/docs/router/swiftlets/sys_topicmanager/federation
./swiftmq_8_1_2_jmsplus/docs/router/swiftlets/sys_topicmanager/federation/images
./swiftmq_8_1_2_jmsplus/docs/router/swiftlets/sys_topicmanager/introduction
./swiftmq_8_1_2_jmsplus/docs/router/swiftlets/sys_topicmanager/introduction/images
./swiftmq_8_1_2_jmsplus/docs/router/swiftlets/sys_net
./swiftmq_8_1_2_jmsplus/docs/router/swiftlets/sys_net/features
./swiftmq_8_1_2_jmsplus/docs/router/swiftlets/sys_net/config
./swiftmq_8_1_2_jmsplus/docs/router/swiftlets/sys_net/introduction
./swiftmq_8_1_2_jmsplus/docs/router/swiftlets/sys_jac
./swiftmq_8_1_2_jmsplus/docs/router/swiftlets/sys_jac/features
./swiftmq_8_1_2_jmsplus/docs/router/swiftlets/sys_jac/jobs
./swiftmq_8_1_2_jmsplus/docs/router/swiftlets/sys_jac/jobs/images
./swiftmq_8_1_2_jmsplus/docs/router/swiftlets/sys_jac/config
./swiftmq_8_1_2_jmsplus/docs/router/swiftlets/sys_jac/static
./swiftmq_8_1_2_jmsplus/docs/router/swiftlets/sys_jac/static/images
./swiftmq_8_1_2_jmsplus/docs/router/swiftlets/sys_jac/hotdeploy
./swiftmq_8_1_2_jmsplus/docs/router/swiftlets/sys_jac/hotdeploy/images
./swiftmq_8_1_2_jmsplus/docs/router/swiftlets/sys_jac/introduction
./swiftmq_8_1_2_jmsplus/docs/router/swiftlets/sys_jac/introduction/images
./swiftmq_8_1_2_jmsplus/docs/router/swiftlets/sys_routing
./swiftmq_8_1_2_jmsplus/docs/router/swiftlets/sys_routing/features
./swiftmq_8_1_2_jmsplus/docs/router/swiftlets/sys_routing/reconnect
./swiftmq_8_1_2_jmsplus/docs/router/swiftlets/sys_routing/connections
./swiftmq_8_1_2_jmsplus/docs/router/swiftlets/sys_routing/connections/images
./swiftmq_8_1_2_jmsplus/docs/router/swiftlets/sys_routing/config
./swiftmq_8_1_2_jmsplus/docs/router/swiftlets/sys_routing/threadpools
./swiftmq_8_1_2_jmsplus/docs/router/swiftlets/sys_routing/routing
./swiftmq_8_1_2_jmsplus/docs/router/swiftlets/sys_routing/routing/images
./swiftmq_8_1_2_jmsplus/docs/router/swiftlets/sys_routing/introduction
./swiftmq_8_1_2_jmsplus/docs/router/swiftlets/sys_routing/introduction/images
./swiftmq_8_1_2_jmsplus/docs/router/swiftlets/sys_store
./swiftmq_8_1_2_jmsplus/docs/router/swiftlets/sys_store/backup
./swiftmq_8_1_2_jmsplus/docs/router/swiftlets/sys_store/backup/images
./swiftmq_8_1_2_jmsplus/docs/router/swiftlets/sys_store/tuning
./swiftmq_8_1_2_jmsplus/docs/router/swiftlets/sys_store/features
./swiftmq_8_1_2_jmsplus/docs/router/swiftlets/sys_store/config
./swiftmq_8_1_2_jmsplus/docs/router/swiftlets/sys_store/analyze
./swiftmq_8_1_2_jmsplus/docs/router/swiftlets/sys_store/shrink
./swiftmq_8_1_2_jmsplus/docs/router/swiftlets/sys_store/shrink/images
./swiftmq_8_1_2_jmsplus/docs/router/swiftlets/sys_store/introduction
./swiftmq_8_1_2_jmsplus/docs/router/swiftlets/sys_store/introduction/images
./swiftmq_8_1_2_jmsplus/docs/router/swiftlets/sys_log
./swiftmq_8_1_2_jmsplus/docs/router/swiftlets/sys_log/features
./swiftmq_8_1_2_jmsplus/docs/router/swiftlets/sys_log/config
./swiftmq_8_1_2_jmsplus/docs/router/swiftlets/sys_log/introduction
./swiftmq_8_1_2_jmsplus/docs/router/swiftlets/sys_timer
./swiftmq_8_1_2_jmsplus/docs/router/swiftlets/sys_timer/features
./swiftmq_8_1_2_jmsplus/docs/router/swiftlets/sys_timer/config
./swiftmq_8_1_2_jmsplus/docs/router/swiftlets/sys_timer/introduction
./swiftmq_8_1_2_jmsplus/docs/router/swiftlets/sys_threadpool
./swiftmq_8_1_2_jmsplus/docs/router/swiftlets/sys_threadpool/features
./swiftmq_8_1_2_jmsplus/docs/router/swiftlets/sys_threadpool/config
./swiftmq_8_1_2_jmsplus/docs/router/swiftlets/sys_threadpool/introduction
./swiftmq_8_1_2_jmsplus/docs/router/swiftlets/sys_deploy
./swiftmq_8_1_2_jmsplus/docs/router/swiftlets/sys_deploy/features
./swiftmq_8_1_2_jmsplus/docs/router/swiftlets/sys_deploy/config
./swiftmq_8_1_2_jmsplus/docs/router/swiftlets/sys_deploy/introduction
./swiftmq_8_1_2_jmsplus/docs/router/http
./swiftmq_8_1_2_jmsplus/docs/router/http/images
./swiftmq_8_1_2_jmsplus/docs/router/swiftletapi
./swiftmq_8_1_2_jmsplus/docs/router/swiftletapi/kernel
./swiftmq_8_1_2_jmsplus/docs/router/swiftletapi/kernel/scheduler
./swiftmq_8_1_2_jmsplus/docs/router/swiftletapi/kernel/auth
./swiftmq_8_1_2_jmsplus/docs/router/swiftletapi/kernel/thread
./swiftmq_8_1_2_jmsplus/docs/router/swiftletapi/kernel/jndi
./swiftmq_8_1_2_jmsplus/docs/router/swiftletapi/kernel/queue
./swiftmq_8_1_2_jmsplus/docs/router/swiftletapi/kernel/log
./swiftmq_8_1_2_jmsplus/docs/router/swiftletapi/kernel/topic
./swiftmq_8_1_2_jmsplus/docs/router/swiftletapi/kernel/trace
./swiftmq_8_1_2_jmsplus/docs/router/swiftletapi/kernel/mgmt
./swiftmq_8_1_2_jmsplus/docs/router/swiftletapi/kernel/routing
./swiftmq_8_1_2_jmsplus/docs/router/swiftletapi/kernel/timer
./swiftmq_8_1_2_jmsplus/docs/router/swiftletapi/images
./swiftmq_8_1_2_jmsplus/docs/router/swiftletapi/framework
./swiftmq_8_1_2_jmsplus/docs/router/swiftletapi/javadoc
./swiftmq_8_1_2_jmsplus/docs/router/swiftletapi/javadoc/resources
./swiftmq_8_1_2_jmsplus/docs/router/swiftletapi/javadoc/com
./swiftmq_8_1_2_jmsplus/docs/router/swiftletapi/javadoc/com/swiftmq
./swiftmq_8_1_2_jmsplus/docs/router/swiftletapi/javadoc/com/swiftmq/swiftlet
./swiftmq_8_1_2_jmsplus/docs/router/swiftletapi/javadoc/com/swiftmq/swiftlet/threadpool
./swiftmq_8_1_2_jmsplus/docs/router/swiftletapi/javadoc/com/swiftmq/swiftlet/threadpool/class-use
./swiftmq_8_1_2_jmsplus/docs/router/swiftletapi/javadoc/com/swiftmq/swiftlet/threadpool/event
./swiftmq_8_1_2_jmsplus/docs/router/swiftletapi/javadoc/com/swiftmq/swiftlet/threadpool/event/class-use
./swiftmq_8_1_2_jmsplus/docs/router/swiftletapi/javadoc/com/swiftmq/swiftlet/scheduler
./swiftmq_8_1_2_jmsplus/docs/router/swiftletapi/javadoc/com/swiftmq/swiftlet/scheduler/class-use
./swiftmq_8_1_2_jmsplus/docs/router/swiftletapi/javadoc/com/swiftmq/swiftlet/class-use
./swiftmq_8_1_2_jmsplus/docs/router/swiftletapi/javadoc/com/swiftmq/swiftlet/auth
./swiftmq_8_1_2_jmsplus/docs/router/swiftletapi/javadoc/com/swiftmq/swiftlet/auth/class-use
./swiftmq_8_1_2_jmsplus/docs/router/swiftletapi/javadoc/com/swiftmq/swiftlet/net
./swiftmq_8_1_2_jmsplus/docs/router/swiftletapi/javadoc/com/swiftmq/swiftlet/net/class-use
./swiftmq_8_1_2_jmsplus/docs/router/swiftletapi/javadoc/com/swiftmq/swiftlet/net/event
./swiftmq_8_1_2_jmsplus/docs/router/swiftletapi/javadoc/com/swiftmq/swiftlet/net/event/class-use
./swiftmq_8_1_2_jmsplus/docs/router/swiftletapi/javadoc/com/swiftmq/swiftlet/event
./swiftmq_8_1_2_jmsplus/docs/router/swiftletapi/javadoc/com/swiftmq/swiftlet/event/class-use
./swiftmq_8_1_2_jmsplus/docs/router/swiftletapi/javadoc/com/swiftmq/swiftlet/accounting
./swiftmq_8_1_2_jmsplus/docs/router/swiftletapi/javadoc/com/swiftmq/swiftlet/accounting/class-use
./swiftmq_8_1_2_jmsplus/docs/router/swiftletapi/javadoc/com/swiftmq/swiftlet/jndi
./swiftmq_8_1_2_jmsplus/docs/router/swiftletapi/javadoc/com/swiftmq/swiftlet/jndi/class-use
./swiftmq_8_1_2_jmsplus/docs/router/swiftletapi/javadoc/com/swiftmq/swiftlet/queue
./swiftmq_8_1_2_jmsplus/docs/router/swiftletapi/javadoc/com/swiftmq/swiftlet/queue/class-use
./swiftmq_8_1_2_jmsplus/docs/router/swiftletapi/javadoc/com/swiftmq/swiftlet/queue/event
./swiftmq_8_1_2_jmsplus/docs/router/swiftletapi/javadoc/com/swiftmq/swiftlet/queue/event/class-use
./swiftmq_8_1_2_jmsplus/docs/router/swiftletapi/javadoc/com/swiftmq/swiftlet/deploy
./swiftmq_8_1_2_jmsplus/docs/router/swiftletapi/javadoc/com/swiftmq/swiftlet/deploy/class-use
./swiftmq_8_1_2_jmsplus/docs/router/swiftletapi/javadoc/com/swiftmq/swiftlet/deploy/event
./swiftmq_8_1_2_jmsplus/docs/router/swiftletapi/javadoc/com/swiftmq/swiftlet/deploy/event/class-use
./swiftmq_8_1_2_jmsplus/docs/router/swiftletapi/javadoc/com/swiftmq/swiftlet/log
./swiftmq_8_1_2_jmsplus/docs/router/swiftletapi/javadoc/com/swiftmq/swiftlet/log/class-use
./swiftmq_8_1_2_jmsplus/docs/router/swiftletapi/javadoc/com/swiftmq/swiftlet/topic
./swiftmq_8_1_2_jmsplus/docs/router/swiftletapi/javadoc/com/swiftmq/swiftlet/topic/class-use
./swiftmq_8_1_2_jmsplus/docs/router/swiftletapi/javadoc/com/swiftmq/swiftlet/trace
./swiftmq_8_1_2_jmsplus/docs/router/swiftletapi/javadoc/com/swiftmq/swiftlet/trace/class-use
./swiftmq_8_1_2_jmsplus/docs/router/swiftletapi/javadoc/com/swiftmq/swiftlet/mgmt
./swiftmq_8_1_2_jmsplus/docs/router/swiftletapi/javadoc/com/swiftmq/swiftlet/mgmt/class-use
./swiftmq_8_1_2_jmsplus/docs/router/swiftletapi/javadoc/com/swiftmq/swiftlet/mgmt/event
./swiftmq_8_1_2_jmsplus/docs/router/swiftletapi/javadoc/com/swiftmq/swiftlet/mgmt/event/class-use
./swiftmq_8_1_2_jmsplus/docs/router/swiftletapi/javadoc/com/swiftmq/swiftlet/store
./swiftmq_8_1_2_jmsplus/docs/router/swiftletapi/javadoc/com/swiftmq/swiftlet/store/class-use
./swiftmq_8_1_2_jmsplus/docs/router/swiftletapi/javadoc/com/swiftmq/swiftlet/xa
./swiftmq_8_1_2_jmsplus/docs/router/swiftletapi/javadoc/com/swiftmq/swiftlet/xa/class-use
./swiftmq_8_1_2_jmsplus/docs/router/swiftletapi/javadoc/com/swiftmq/swiftlet/routing
./swiftmq_8_1_2_jmsplus/docs/router/swiftletapi/javadoc/com/swiftmq/swiftlet/routing/class-use
./swiftmq_8_1_2_jmsplus/docs/router/swiftletapi/javadoc/com/swiftmq/swiftlet/routing/event
./swiftmq_8_1_2_jmsplus/docs/router/swiftletapi/javadoc/com/swiftmq/swiftlet/routing/event/class-use
./swiftmq_8_1_2_jmsplus/docs/router/swiftletapi/javadoc/com/swiftmq/swiftlet/timer
./swiftmq_8_1_2_jmsplus/docs/router/swiftletapi/javadoc/com/swiftmq/swiftlet/timer/class-use
./swiftmq_8_1_2_jmsplus/docs/router/swiftletapi/javadoc/com/swiftmq/swiftlet/timer/event
./swiftmq_8_1_2_jmsplus/docs/router/swiftletapi/javadoc/com/swiftmq/swiftlet/timer/event/class-use
./swiftmq_8_1_2_jmsplus/docs/router/swiftletapi/javadoc/com/swiftmq/class-use
./swiftmq_8_1_2_jmsplus/docs/router/swiftletapi/javadoc/com/swiftmq/net
./swiftmq_8_1_2_jmsplus/docs/router/swiftletapi/javadoc/com/swiftmq/net/protocol
./swiftmq_8_1_2_jmsplus/docs/router/swiftletapi/javadoc/com/swiftmq/net/protocol/class-use
./swiftmq_8_1_2_jmsplus/docs/router/swiftletapi/javadoc/com/swiftmq/net/protocol/smqp
./swiftmq_8_1_2_jmsplus/docs/router/swiftletapi/javadoc/com/swiftmq/net/protocol/smqp/class-use
./swiftmq_8_1_2_jmsplus/docs/router/swiftletapi/javadoc/com/swiftmq/net/protocol/raw
./swiftmq_8_1_2_jmsplus/docs/router/swiftletapi/javadoc/com/swiftmq/net/protocol/raw/class-use
./swiftmq_8_1_2_jmsplus/docs/router/swiftletapi/javadoc/com/swiftmq/net/class-use
./swiftmq_8_1_2_jmsplus/docs/router/swiftletapi/javadoc/com/swiftmq/net/client
./swiftmq_8_1_2_jmsplus/docs/router/swiftletapi/javadoc/com/swiftmq/net/client/class-use
./swiftmq_8_1_2_jmsplus/docs/router/swiftletapi/javadoc/com/swiftmq/mgmt
./swiftmq_8_1_2_jmsplus/docs/router/swiftletapi/javadoc/com/swiftmq/mgmt/class-use
./swiftmq_8_1_2_jmsplus/docs/router/swiftletapi/samples
./swiftmq_8_1_2_jmsplus/docs/router/swiftletapi/samples/event-swiftlet
./swiftmq_8_1_2_jmsplus/docs/router/swiftletapi/samples/event-swiftlet/build
./swiftmq_8_1_2_jmsplus/docs/router/swiftletapi/samples/event-swiftlet/config
./swiftmq_8_1_2_jmsplus/docs/router/swiftletapi/samples/event-swiftlet/client
./swiftmq_8_1_2_jmsplus/docs/router/swiftletapi/samples/event-swiftlet/client/build
./swiftmq_8_1_2_jmsplus/docs/router/swiftletapi/samples/event-swiftlet/client/src
./swiftmq_8_1_2_jmsplus/docs/router/swiftletapi/samples/event-swiftlet/src
./swiftmq_8_1_2_jmsplus/docs/router/swiftletapi/samples/event-swiftlet/src/sample
./swiftmq_8_1_2_jmsplus/docs/router/swiftletapi/samples/event-swiftlet/src/sample/swiftlet
./swiftmq_8_1_2_jmsplus/docs/router/swiftletapi/samples/event-swiftlet/src/sample/swiftlet/event
./swiftmq_8_1_2_jmsplus/docs/router/swiftletapi/samples/cache-swiftlet
./swiftmq_8_1_2_jmsplus/docs/router/swiftletapi/samples/cache-swiftlet/build
./swiftmq_8_1_2_jmsplus/docs/router/swiftletapi/samples/cache-swiftlet/config
./swiftmq_8_1_2_jmsplus/docs/router/swiftletapi/samples/cache-swiftlet/client
./swiftmq_8_1_2_jmsplus/docs/router/swiftletapi/samples/cache-swiftlet/client/build
./swiftmq_8_1_2_jmsplus/docs/router/swiftletapi/samples/cache-swiftlet/client/src
./swiftmq_8_1_2_jmsplus/docs/router/swiftletapi/samples/cache-swiftlet/src
./swiftmq_8_1_2_jmsplus/docs/router/swiftletapi/samples/cache-swiftlet/src/sample
./swiftmq_8_1_2_jmsplus/docs/router/swiftletapi/samples/cache-swiftlet/src/sample/swiftlet
./swiftmq_8_1_2_jmsplus/docs/router/swiftletapi/samples/cache-swiftlet/src/sample/swiftlet/cache
./swiftmq_8_1_2_jmsplus/docs/router/swiftletapi/deploy
./swiftmq_8_1_2_jmsplus/docs/router/swiftletapi/management
./swiftmq_8_1_2_jmsplus/docs/router/swiftletapi/management/images
./swiftmq_8_1_2_jmsplus/docs/router/swiftletapi/introduction
./swiftmq_8_1_2_jmsplus/docs/router/swiftletapi/introduction/images
./swiftmq_8_1_2_jmsplus/docs/router/admin
./swiftmq_8_1_2_jmsplus/docs/router/admin/adminapi
./swiftmq_8_1_2_jmsplus/docs/router/admin/adminapi/javadoc
./swiftmq_8_1_2_jmsplus/docs/router/admin/adminapi/javadoc/resources
./swiftmq_8_1_2_jmsplus/docs/router/admin/adminapi/javadoc/com
./swiftmq_8_1_2_jmsplus/docs/router/admin/adminapi/javadoc/com/swiftmq
./swiftmq_8_1_2_jmsplus/docs/router/admin/adminapi/javadoc/com/swiftmq/admin
./swiftmq_8_1_2_jmsplus/docs/router/admin/adminapi/javadoc/com/swiftmq/admin/cli
./swiftmq_8_1_2_jmsplus/docs/router/admin/adminapi/javadoc/com/swiftmq/admin/cli/event
./swiftmq_8_1_2_jmsplus/docs/router/admin/messageinterface
./swiftmq_8_1_2_jmsplus/docs/router/admin/messageinterface/images
./swiftmq_8_1_2_jmsplus/docs/router/admin/jmx
./swiftmq_8_1_2_jmsplus/docs/router/admin/jmx/images
./swiftmq_8_1_2_jmsplus/docs/router/admin/cli
./swiftmq_8_1_2_jmsplus/docs/router/admin/cli/cmdref
./swiftmq_8_1_2_jmsplus/docs/router/admin/cli/cmdref/cc
./swiftmq_8_1_2_jmsplus/docs/router/admin/cli/cmdref/halt
./swiftmq_8_1_2_jmsplus/docs/router/admin/cli/cmdref/backup
./swiftmq_8_1_2_jmsplus/docs/router/admin/cli/cmdref/show_template
./swiftmq_8_1_2_jmsplus/docs/router/admin/cli/cmdref/reboot
./swiftmq_8_1_2_jmsplus/docs/router/admin/cli/cmdref/aset
./swiftmq_8_1_2_jmsplus/docs/router/admin/cli/cmdref/wr
./swiftmq_8_1_2_jmsplus/docs/router/admin/cli/cmdref/execute
./swiftmq_8_1_2_jmsplus/docs/router/admin/cli/cmdref/exit
./swiftmq_8_1_2_jmsplus/docs/router/admin/cli/cmdref/describe
./swiftmq_8_1_2_jmsplus/docs/router/admin/cli/cmdref/reset
./swiftmq_8_1_2_jmsplus/docs/router/admin/cli/cmdref/output
./swiftmq_8_1_2_jmsplus/docs/router/admin/cli/cmdref/sum
./swiftmq_8_1_2_jmsplus/docs/router/admin/cli/cmdref/copy
./swiftmq_8_1_2_jmsplus/docs/router/admin/cli/cmdref/echo
./swiftmq_8_1_2_jmsplus/docs/router/admin/cli/cmdref/adel
./swiftmq_8_1_2_jmsplus/docs/router/admin/cli/cmdref/new
./swiftmq_8_1_2_jmsplus/docs/router/admin/cli/cmdref/set
./swiftmq_8_1_2_jmsplus/docs/router/admin/cli/cmdref/asave
./swiftmq_8_1_2_jmsplus/docs/router/admin/cli/cmdref/save
./swiftmq_8_1_2_jmsplus/docs/router/admin/cli/cmdref/alist
./swiftmq_8_1_2_jmsplus/docs/router/admin/cli/cmdref/move
./swiftmq_8_1_2_jmsplus/docs/router/admin/cli/cmdref/commit
./swiftmq_8_1_2_jmsplus/docs/router/admin/cli/cmdref/sr
./swiftmq_8_1_2_jmsplus/docs/router/admin/cli/cmdref/remove
./swiftmq_8_1_2_jmsplus/docs/router/admin/cli/cmdref/help
./swiftmq_8_1_2_jmsplus/docs/router/admin/cli/cmdref/gc
./swiftmq_8_1_2_jmsplus/docs/router/admin/cli/cmdref/authenticate
./swiftmq_8_1_2_jmsplus/docs/router/admin/cli/cmdref/ar
./swiftmq_8_1_2_jmsplus/docs/router/admin/cli/cmdref/shrink
./swiftmq_8_1_2_jmsplus/docs/router/admin/cli/cmdref/lc
./swiftmq_8_1_2_jmsplus/docs/router/admin/cli/cmdref/delete
./swiftmq_8_1_2_jmsplus/docs/router/admin/cli/cmdref/rollback
./swiftmq_8_1_2_jmsplus/docs/router/admin/cli/cmdref/viewcmd
./swiftmq_8_1_2_jmsplus/docs/router/admin/cli/scripts
./swiftmq_8_1_2_jmsplus/docs/router/admin/cli/format
./swiftmq_8_1_2_jmsplus/docs/router/admin/cli/overview
./swiftmq_8_1_2_jmsplus/docs/router/admin/explorer
./swiftmq_8_1_2_jmsplus/docs/router/admin/explorer/images
./swiftmq_8_1_2_jmsplus/docs/router/gettingstarted
./swiftmq_8_1_2_jmsplus/docs/router/jca
./swiftmq_8_1_2_jmsplus/docs/router/jca/features
./swiftmq_8_1_2_jmsplus/docs/router/jca/outbound
./swiftmq_8_1_2_jmsplus/docs/router/jca/deployment
./swiftmq_8_1_2_jmsplus/docs/router/jca/inbound
./swiftmq_8_1_2_jmsplus/docs/router/jca/introduction
./swiftmq_8_1_2_jmsplus/docs/router/versioning
./swiftmq_8_1_2_jmsplus/docs/router/introduction
./swiftmq_8_1_2_jmsplus/docs/router/introduction/images
./swiftmq_8_1_2_jmsplus/docs/router/jsse
./swiftmq_8_1_2_jmsplus/docs/router/jsse/javadoc
./swiftmq_8_1_2_jmsplus/docs/router/jsse/javadoc/com
./swiftmq_8_1_2_jmsplus/docs/router/jsse/javadoc/com/swiftmq
./swiftmq_8_1_2_jmsplus/docs/router/jsse/javadoc/com/swiftmq/net
./swiftmq_8_1_2_jmsplus/docs/router/jsse/javadoc/com/swiftmq/net/class-use
./swiftmq_8_1_2_jmsplus/docs/router/sysprops
./swiftmq_8_1_2_jmsplus/kernel
./swiftmq_8_1_2_jmsplus/kernel/sys$net
./swiftmq_8_1_2_jmsplus/kernel/sys$log
./swiftmq_8_1_2_jmsplus/kernel/sys$trace
./swiftmq_8_1_2_jmsplus/kernel/sys$routing
./swiftmq_8_1_2_jmsplus/kernel/sys$jndi
./swiftmq_8_1_2_jmsplus/kernel/sys$authentication
./swiftmq_8_1_2_jmsplus/kernel/sys$jms
./swiftmq_8_1_2_jmsplus/kernel/sys$deploy
./swiftmq_8_1_2_jmsplus/kernel/sys$jac
./swiftmq_8_1_2_jmsplus/kernel/sys$monitor
./swiftmq_8_1_2_jmsplus/kernel/sys$threadpool
./swiftmq_8_1_2_jmsplus/kernel/sys$topicmanager
./swiftmq_8_1_2_jmsplus/kernel/sys$xa
./swiftmq_8_1_2_jmsplus/kernel/sys$timer
./swiftmq_8_1_2_jmsplus/kernel/sys$queuemanager
./swiftmq_8_1_2_jmsplus/kernel/sys$accounting
./swiftmq_8_1_2_jmsplus/kernel/sys$scheduler
./swiftmq_8_1_2_jmsplus/kernel/sys$mgmt
./swiftmq_8_1_2_jmsplus/kernel/sys$store
./swiftmq_8_1_2_jmsplus/jars
./swiftmq_8_1_2_jmsplus/scripts
./swiftmq_8_1_2_jmsplus/scripts/win32
./swiftmq_8_1_2_jmsplus/scripts/unix
./swiftmq_8_1_2_jmsplus/config
./swiftmq_8_1_2_jmsplus/config/router2
./swiftmq_8_1_2_jmsplus/config/router1
./swiftmq_8_1_2_jmsplus/coordConfig
./swiftmq_8_1_2_jmsplus/coordConfig/cia-kpi-examples
./swiftmq_8_1_2_jmsplus/coordConfig/cia-kpi-examples/4
./swiftmq_8_1_2_jmsplus/coordConfig/cia-kpi-examples/1
./swiftmq_8_1_2_jmsplus/coordConfig/ism-jars
./swiftmq_8_1_2_jmsplus/samples
./swiftmq_8_1_2_jmsplus/samples/router_network
./swiftmq_8_1_2_jmsplus/samples/cli
./swiftmq_8_1_2_jmsplus/samples/sun_examples
./swiftmq_8_1_2_jmsplus/deploy
./swiftmq_8_1_2_jmsplus/deploy/router2
./swiftmq_8_1_2_jmsplus/deploy/router1
./swiftmq_8_1_2_jmsplus/log
./swiftmq_8_1_2_jmsplus/log/router2
./swiftmq_8_1_2_jmsplus/log/router1
./swiftmq_8_1_2_jmsplus/jmsapp
./swiftmq_8_1_2_jmsplus/jmsapp/router2
./swiftmq_8_1_2_jmsplus/jmsapp/router1
./swiftmq_8_1_2_jmsplus/trace
./swiftmq_8_1_2_jmsplus/trace/router2
./swiftmq_8_1_2_jmsplus/trace/router1
./swiftmq_8_1_2_jmsplus/extensions
./swiftmq_8_1_2_jmsplus/extensions/xt_bridge
./swiftmq_8_1_2_jmsplus/extensions/xt_bridge/xt$bridge
./swiftmq_8_1_2_jmsplus/store
./swiftmq_8_1_2_jmsplus/store/router2
./swiftmq_8_1_2_jmsplus/store/router2/swap
./swiftmq_8_1_2_jmsplus/store/router2/durables
./swiftmq_8_1_2_jmsplus/store/router2/log
./swiftmq_8_1_2_jmsplus/store/router2/db
./swiftmq_8_1_2_jmsplus/store/router1
./swiftmq_8_1_2_jmsplus/store/router1/backup
./swiftmq_8_1_2_jmsplus/store/router1/swap
./swiftmq_8_1_2_jmsplus/store/router1/durables
./swiftmq_8_1_2_jmsplus/store/router1/log
./swiftmq_8_1_2_jmsplus/store/router1/db
./swiftmq_8_1_2_jmsplus/j2ee
